TimeQuest Timing Analyzer report for alu6
Thu Jun 21 10:21:08 2018
Quartus II 32-bit Version 13.0.0 Build 156 04/24/2013 SJ Web Edition


---------------------
; Table of Contents ;
---------------------
  1. Legal Notice
  2. TimeQuest Timing Analyzer Summary
  3. Parallel Compilation
  4. SDC File List
  5. Clocks
  6. Fmax Summary
  7. Setup Summary
  8. Hold Summary
  9. Recovery Summary
 10. Removal Summary
 11. Minimum Pulse Width Summary
 12. Setup: 'n/a'
 13. Propagation Delay
 14. Minimum Propagation Delay
 15. Clock Transfers
 16. Report TCCS
 17. Report RSKM
 18. Unconstrained Paths
 19. TimeQuest Timing Analyzer Messages



----------------
; Legal Notice ;
----------------
Copyright (C) 1991-2013 Altera Corporation
Your use of Altera Corporation's design tools, logic functions 
and other software and tools, and its AMPP partner logic 
functions, and any output files from any of the foregoing 
(including device programming or simulation files), and any 
associated documentation or information are expressly subject 
to the terms and conditions of the Altera Program License 
Subscription Agreement, Altera MegaCore Function License 
Agreement, or other applicable license agreement, including, 
without limitation, that your use is for the sole purpose of 
programming logic devices manufactured by Altera and sold by 
Altera or its authorized distributors.  Please refer to the 
applicable agreement for further details.



+-------------------------------------------------------------------------+
; TimeQuest Timing Analyzer Summary                                       ;
+--------------------+----------------------------------------------------+
; Quartus II Version ; Version 13.0.0 Build 156 04/24/2013 SJ Web Edition ;
; Revision Name      ; alu6                                               ;
; Device Family      ; MAX3000A                                           ;
; Device Name        ; EPM3064ATC44-10                                    ;
; Timing Models      ; Final                                              ;
; Delay Model        ; Slow Model                                         ;
; Rise/Fall Delays   ; Unavailable                                        ;
+--------------------+----------------------------------------------------+


Parallel compilation was disabled, but you have multiple processors available. Enable parallel compilation to reduce compilation time.
+-------------------------------------+
; Parallel Compilation                ;
+----------------------------+--------+
; Processors                 ; Number ;
+----------------------------+--------+
; Number detected on machine ; 3      ;
; Maximum allowed            ; 1      ;
+----------------------------+--------+


+---------------------------------------------------+
; SDC File List                                     ;
+---------------+--------+--------------------------+
; SDC File Path ; Status ; Read at                  ;
+---------------+--------+--------------------------+
; alu6.out.sdc  ; OK     ; Thu Jun 21 10:21:08 2018 ;
+---------------+--------+--------------------------+


----------
; Clocks ;
----------
No clocks to report.


----------------
; Fmax Summary ;
----------------
No paths to report.


+--------------------------------+
; Setup Summary                  ;
+-------+--------+---------------+
; Clock ; Slack  ; End Point TNS ;
+-------+--------+---------------+
; n/a   ; 11.200 ; 0.000         ;
+-------+--------+---------------+


----------------
; Hold Summary ;
----------------
No paths to report.


--------------------
; Recovery Summary ;
--------------------
No paths to report.


-------------------
; Removal Summary ;
-------------------
No paths to report.


-------------------------------
; Minimum Pulse Width Summary ;
-------------------------------
No paths to report.


+----------------------------------------------------------------------------------------------------+
; Setup: 'n/a'                                                                                       ;
+--------+-----------+---------+--------------+-------------+--------------+------------+------------+
; Slack  ; From Node ; To Node ; Launch Clock ; Latch Clock ; Relationship ; Clock Skew ; Data Delay ;
+--------+-----------+---------+--------------+-------------+--------------+------------+------------+
; 11.200 ; a[0]      ; c_out   ; n/a          ; n/a         ; 30.000       ; 0.000      ; 18.800     ;
; 11.200 ; a[0]      ; q[5]    ; n/a          ; n/a         ; 30.000       ; 0.000      ; 18.800     ;
; 11.200 ; a[2]      ; c_out   ; n/a          ; n/a         ; 30.000       ; 0.000      ; 18.800     ;
; 11.200 ; nx        ; c_out   ; n/a          ; n/a         ; 30.000       ; 0.000      ; 18.800     ;
; 11.200 ; ns        ; c_out   ; n/a          ; n/a         ; 30.000       ; 0.000      ; 18.800     ;
; 11.200 ; n         ; c_out   ; n/a          ; n/a         ; 30.000       ; 0.000      ; 18.800     ;
; 11.200 ; b[1]      ; c_out   ; n/a          ; n/a         ; 30.000       ; 0.000      ; 18.800     ;
; 11.200 ; a[1]      ; c_out   ; n/a          ; n/a         ; 30.000       ; 0.000      ; 18.800     ;
; 11.200 ; b[0]      ; c_out   ; n/a          ; n/a         ; 30.000       ; 0.000      ; 18.800     ;
; 11.200 ; b[2]      ; c_out   ; n/a          ; n/a         ; 30.000       ; 0.000      ; 18.800     ;
; 11.200 ; a[2]      ; q[5]    ; n/a          ; n/a         ; 30.000       ; 0.000      ; 18.800     ;
; 11.200 ; nx        ; q[5]    ; n/a          ; n/a         ; 30.000       ; 0.000      ; 18.800     ;
; 11.200 ; ns        ; q[5]    ; n/a          ; n/a         ; 30.000       ; 0.000      ; 18.800     ;
; 11.200 ; n         ; q[5]    ; n/a          ; n/a         ; 30.000       ; 0.000      ; 18.800     ;
; 11.200 ; b[1]      ; q[5]    ; n/a          ; n/a         ; 30.000       ; 0.000      ; 18.800     ;
; 11.200 ; a[1]      ; q[5]    ; n/a          ; n/a         ; 30.000       ; 0.000      ; 18.800     ;
; 11.200 ; b[0]      ; q[5]    ; n/a          ; n/a         ; 30.000       ; 0.000      ; 18.800     ;
; 11.200 ; b[2]      ; q[5]    ; n/a          ; n/a         ; 30.000       ; 0.000      ; 18.800     ;
; 13.000 ; a[1]      ; q[2]    ; n/a          ; n/a         ; 30.000       ; 0.000      ; 17.000     ;
; 13.000 ; n         ; q[3]    ; n/a          ; n/a         ; 30.000       ; 0.000      ; 17.000     ;
; 13.000 ; ns        ; q[4]    ; n/a          ; n/a         ; 30.000       ; 0.000      ; 17.000     ;
; 13.000 ; ns        ; q[2]    ; n/a          ; n/a         ; 30.000       ; 0.000      ; 17.000     ;
; 13.000 ; n         ; q[2]    ; n/a          ; n/a         ; 30.000       ; 0.000      ; 17.000     ;
; 13.000 ; nx        ; q[2]    ; n/a          ; n/a         ; 30.000       ; 0.000      ; 17.000     ;
; 13.000 ; b[0]      ; q[2]    ; n/a          ; n/a         ; 30.000       ; 0.000      ; 17.000     ;
; 13.000 ; b[1]      ; q[2]    ; n/a          ; n/a         ; 30.000       ; 0.000      ; 17.000     ;
; 13.000 ; a[0]      ; q[2]    ; n/a          ; n/a         ; 30.000       ; 0.000      ; 17.000     ;
; 13.000 ; ns        ; q[3]    ; n/a          ; n/a         ; 30.000       ; 0.000      ; 17.000     ;
; 13.000 ; n         ; q[4]    ; n/a          ; n/a         ; 30.000       ; 0.000      ; 17.000     ;
; 13.000 ; b[2]      ; q[2]    ; n/a          ; n/a         ; 30.000       ; 0.000      ; 17.000     ;
; 13.000 ; a[2]      ; q[2]    ; n/a          ; n/a         ; 30.000       ; 0.000      ; 17.000     ;
; 13.100 ; b[3]      ; q[3]    ; n/a          ; n/a         ; 30.000       ; 0.000      ; 16.900     ;
; 13.100 ; a[3]      ; q[3]    ; n/a          ; n/a         ; 30.000       ; 0.000      ; 16.900     ;
; 13.100 ; a[4]      ; q[4]    ; n/a          ; n/a         ; 30.000       ; 0.000      ; 16.900     ;
; 13.100 ; b[4]      ; q[4]    ; n/a          ; n/a         ; 30.000       ; 0.000      ; 16.900     ;
; 13.100 ; a[4]      ; c_out   ; n/a          ; n/a         ; 30.000       ; 0.000      ; 16.900     ;
; 13.100 ; b[4]      ; c_out   ; n/a          ; n/a         ; 30.000       ; 0.000      ; 16.900     ;
; 13.100 ; a[4]      ; q[5]    ; n/a          ; n/a         ; 30.000       ; 0.000      ; 16.900     ;
; 13.100 ; b[4]      ; q[5]    ; n/a          ; n/a         ; 30.000       ; 0.000      ; 16.900     ;
; 13.100 ; a[3]      ; q[5]    ; n/a          ; n/a         ; 30.000       ; 0.000      ; 16.900     ;
; 13.100 ; b[3]      ; q[5]    ; n/a          ; n/a         ; 30.000       ; 0.000      ; 16.900     ;
; 13.200 ; a[5]      ; c_out   ; n/a          ; n/a         ; 30.000       ; 0.000      ; 16.800     ;
; 13.200 ; b[5]      ; c_out   ; n/a          ; n/a         ; 30.000       ; 0.000      ; 16.800     ;
; 13.200 ; a[5]      ; q[5]    ; n/a          ; n/a         ; 30.000       ; 0.000      ; 16.800     ;
; 13.200 ; b[5]      ; q[5]    ; n/a          ; n/a         ; 30.000       ; 0.000      ; 16.800     ;
; 15.000 ; a[1]      ; q[3]    ; n/a          ; n/a         ; 30.000       ; 0.000      ; 15.000     ;
; 15.000 ; a[0]      ; q[4]    ; n/a          ; n/a         ; 30.000       ; 0.000      ; 15.000     ;
; 15.000 ; b[1]      ; q[3]    ; n/a          ; n/a         ; 30.000       ; 0.000      ; 15.000     ;
; 15.000 ; b[0]      ; q[4]    ; n/a          ; n/a         ; 30.000       ; 0.000      ; 15.000     ;
; 15.000 ; a[2]      ; q[4]    ; n/a          ; n/a         ; 30.000       ; 0.000      ; 15.000     ;
; 15.000 ; a[1]      ; q[4]    ; n/a          ; n/a         ; 30.000       ; 0.000      ; 15.000     ;
; 15.000 ; b[2]      ; q[4]    ; n/a          ; n/a         ; 30.000       ; 0.000      ; 15.000     ;
; 15.000 ; b[1]      ; q[4]    ; n/a          ; n/a         ; 30.000       ; 0.000      ; 15.000     ;
; 15.100 ; a[3]      ; q[4]    ; n/a          ; n/a         ; 30.000       ; 0.000      ; 14.900     ;
; 15.100 ; b[3]      ; q[4]    ; n/a          ; n/a         ; 30.000       ; 0.000      ; 14.900     ;
; 15.900 ; a[2]      ; q[3]    ; n/a          ; n/a         ; 30.000       ; 0.000      ; 14.100     ;
; 15.900 ; a[0]      ; q[3]    ; n/a          ; n/a         ; 30.000       ; 0.000      ; 14.100     ;
; 15.900 ; b[2]      ; q[3]    ; n/a          ; n/a         ; 30.000       ; 0.000      ; 14.100     ;
; 15.900 ; b[0]      ; q[3]    ; n/a          ; n/a         ; 30.000       ; 0.000      ; 14.100     ;
; 18.000 ; ns        ; q[1]    ; n/a          ; n/a         ; 30.000       ; 0.000      ; 12.000     ;
; 18.000 ; b[1]      ; q[1]    ; n/a          ; n/a         ; 30.000       ; 0.000      ; 12.000     ;
; 18.000 ; n         ; q[1]    ; n/a          ; n/a         ; 30.000       ; 0.000      ; 12.000     ;
; 18.900 ; nx        ; q[3]    ; n/a          ; n/a         ; 30.000       ; 0.000      ; 11.100     ;
; 18.900 ; nx        ; q[4]    ; n/a          ; n/a         ; 30.000       ; 0.000      ; 11.100     ;
; 18.900 ; b[0]      ; q[1]    ; n/a          ; n/a         ; 30.000       ; 0.000      ; 11.100     ;
; 18.900 ; a[0]      ; q[1]    ; n/a          ; n/a         ; 30.000       ; 0.000      ; 11.100     ;
; 18.900 ; nx        ; q[1]    ; n/a          ; n/a         ; 30.000       ; 0.000      ; 11.100     ;
; 19.800 ; b[0]      ; q[0]    ; n/a          ; n/a         ; 30.000       ; 0.000      ; 10.200     ;
; 19.800 ; a[1]      ; q[1]    ; n/a          ; n/a         ; 30.000       ; 0.000      ; 10.200     ;
; 19.800 ; nx        ; q[0]    ; n/a          ; n/a         ; 30.000       ; 0.000      ; 10.200     ;
; 19.800 ; ns        ; q[0]    ; n/a          ; n/a         ; 30.000       ; 0.000      ; 10.200     ;
; 19.800 ; a[0]      ; q[0]    ; n/a          ; n/a         ; 30.000       ; 0.000      ; 10.200     ;
; 19.800 ; n         ; q[0]    ; n/a          ; n/a         ; 30.000       ; 0.000      ; 10.200     ;
; 19.900 ; a[3]      ; c_out   ; n/a          ; n/a         ; 30.000       ; 0.000      ; 10.100     ;
; 19.900 ; b[3]      ; c_out   ; n/a          ; n/a         ; 30.000       ; 0.000      ; 10.100     ;
+--------+-----------+---------+--------------+-------------+--------------+------------+------------+


+--------------------------------------------------------------+
; Propagation Delay                                            ;
+------------+-------------+--------+--------+--------+--------+
; Input Port ; Output Port ; RR     ; RF     ; FR     ; FF     ;
+------------+-------------+--------+--------+--------+--------+
; a[0]       ; c[0]        ; 10.200 ;        ;        ; 10.200 ;
; a[0]       ; c[1]        ; 11.100 ;        ;        ; 11.100 ;
; a[0]       ; c[2]        ; 12.000 ;        ;        ; 12.000 ;
; a[0]       ; c[3]        ;        ; 15.000 ; 15.000 ;        ;
; a[0]       ; c[4]        ;        ; 15.000 ; 15.000 ;        ;
; a[0]       ; c_out       ; 18.800 ;        ;        ; 18.800 ;
; a[0]       ; q[0]        ; 10.200 ;        ;        ; 10.200 ;
; a[0]       ; q[1]        ; 10.200 ; 11.100 ; 11.100 ; 10.200 ;
; a[0]       ; q[2]        ; 17.000 ;        ;        ; 17.000 ;
; a[0]       ; q[3]        ; 14.100 ;        ;        ; 14.100 ;
; a[0]       ; q[4]        ;        ; 15.000 ; 15.000 ;        ;
; a[0]       ; q[5]        ;        ; 18.800 ; 18.800 ;        ;
; a[1]       ; c[1]        ; 11.100 ;        ;        ; 11.100 ;
; a[1]       ; c[2]        ; 12.000 ;        ;        ; 12.000 ;
; a[1]       ; c[3]        ;        ; 15.000 ; 15.000 ;        ;
; a[1]       ; c[4]        ;        ; 15.000 ; 15.000 ;        ;
; a[1]       ; c_out       ; 18.800 ;        ;        ; 18.800 ;
; a[1]       ; q[1]        ; 10.200 ;        ;        ; 10.200 ;
; a[1]       ; q[2]        ; 17.000 ;        ;        ; 17.000 ;
; a[1]       ; q[3]        ; 15.000 ;        ;        ; 15.000 ;
; a[1]       ; q[4]        ;        ; 15.000 ; 15.000 ;        ;
; a[1]       ; q[5]        ;        ; 18.800 ; 18.800 ;        ;
; a[2]       ; c[2]        ; 12.000 ;        ;        ; 12.000 ;
; a[2]       ; c[3]        ;        ; 15.000 ; 15.000 ;        ;
; a[2]       ; c[4]        ;        ; 15.000 ; 15.000 ;        ;
; a[2]       ; c_out       ; 18.800 ;        ;        ; 18.800 ;
; a[2]       ; q[2]        ; 17.000 ;        ;        ; 17.000 ;
; a[2]       ; q[3]        ; 14.100 ;        ;        ; 14.100 ;
; a[2]       ; q[4]        ;        ; 15.000 ; 15.000 ;        ;
; a[2]       ; q[5]        ;        ; 18.800 ; 18.800 ;        ;
; a[3]       ; c[3]        ;        ; 14.900 ; 14.900 ;        ;
; a[3]       ; c[4]        ;        ; 14.900 ; 14.900 ;        ;
; a[3]       ; c_out       ; 10.100 ;        ;        ; 10.100 ;
; a[3]       ; q[3]        ;        ; 16.900 ; 16.900 ;        ;
; a[3]       ; q[4]        ;        ; 14.900 ; 14.900 ;        ;
; a[3]       ; q[5]        ; 16.900 ; 14.000 ; 14.000 ; 16.900 ;
; a[4]       ; c[4]        ;        ; 14.900 ; 14.900 ;        ;
; a[4]       ; c_out       ; 16.900 ;        ;        ; 16.900 ;
; a[4]       ; q[4]        ; 16.900 ; 16.900 ; 16.900 ; 16.900 ;
; a[4]       ; q[5]        ; 16.900 ;        ;        ; 16.900 ;
; a[5]       ; c_out       ; 16.800 ;        ;        ; 16.800 ;
; a[5]       ; q[5]        ; 16.800 ; 16.800 ; 16.800 ; 16.800 ;
; b[0]       ; c[0]        ; 10.200 ;        ;        ; 10.200 ;
; b[0]       ; c[1]        ; 11.100 ;        ;        ; 11.100 ;
; b[0]       ; c[2]        ; 12.000 ;        ;        ; 12.000 ;
; b[0]       ; c[3]        ;        ; 15.000 ; 15.000 ;        ;
; b[0]       ; c[4]        ;        ; 15.000 ; 15.000 ;        ;
; b[0]       ; c_out       ; 18.800 ;        ;        ; 18.800 ;
; b[0]       ; q[0]        ; 10.200 ; 10.200 ; 10.200 ; 10.200 ;
; b[0]       ; q[1]        ; 10.200 ; 11.100 ; 11.100 ; 10.200 ;
; b[0]       ; q[2]        ; 17.000 ;        ;        ; 17.000 ;
; b[0]       ; q[3]        ; 14.100 ;        ;        ; 14.100 ;
; b[0]       ; q[4]        ;        ; 15.000 ; 15.000 ;        ;
; b[0]       ; q[5]        ;        ; 18.800 ; 18.800 ;        ;
; b[1]       ; c[1]        ; 11.100 ;        ;        ; 11.100 ;
; b[1]       ; c[2]        ; 12.000 ;        ;        ; 12.000 ;
; b[1]       ; c[3]        ;        ; 15.000 ; 15.000 ;        ;
; b[1]       ; c[4]        ;        ; 15.000 ; 15.000 ;        ;
; b[1]       ; c_out       ; 18.800 ;        ;        ; 18.800 ;
; b[1]       ; q[1]        ; 12.000 ; 10.200 ; 10.200 ; 12.000 ;
; b[1]       ; q[2]        ; 17.000 ;        ;        ; 17.000 ;
; b[1]       ; q[3]        ; 15.000 ;        ;        ; 15.000 ;
; b[1]       ; q[4]        ;        ; 15.000 ; 15.000 ;        ;
; b[1]       ; q[5]        ;        ; 18.800 ; 18.800 ;        ;
; b[2]       ; c[2]        ; 12.000 ;        ;        ; 12.000 ;
; b[2]       ; c[3]        ;        ; 15.000 ; 15.000 ;        ;
; b[2]       ; c[4]        ;        ; 15.000 ; 15.000 ;        ;
; b[2]       ; c_out       ; 18.800 ;        ;        ; 18.800 ;
; b[2]       ; q[2]        ; 17.000 ;        ;        ; 17.000 ;
; b[2]       ; q[3]        ; 14.100 ;        ;        ; 14.100 ;
; b[2]       ; q[4]        ;        ; 15.000 ; 15.000 ;        ;
; b[2]       ; q[5]        ;        ; 18.800 ; 18.800 ;        ;
; b[3]       ; c[3]        ;        ; 14.900 ; 14.900 ;        ;
; b[3]       ; c[4]        ;        ; 14.900 ; 14.900 ;        ;
; b[3]       ; c_out       ; 10.100 ;        ;        ; 10.100 ;
; b[3]       ; q[3]        ;        ; 16.900 ; 16.900 ;        ;
; b[3]       ; q[4]        ;        ; 14.900 ; 14.900 ;        ;
; b[3]       ; q[5]        ; 16.900 ; 14.000 ; 14.000 ; 16.900 ;
; b[4]       ; c[4]        ;        ; 14.900 ; 14.900 ;        ;
; b[4]       ; c_out       ; 16.900 ;        ;        ; 16.900 ;
; b[4]       ; q[4]        ; 16.900 ; 16.900 ; 16.900 ; 16.900 ;
; b[4]       ; q[5]        ; 16.900 ;        ;        ; 16.900 ;
; b[5]       ; c_out       ; 16.800 ;        ;        ; 16.800 ;
; b[5]       ; q[5]        ; 16.800 ; 16.800 ; 16.800 ; 16.800 ;
; c_in       ; c[0]        ; 10.200 ;        ;        ; 10.200 ;
; c_in       ; c[1]        ; 10.200 ;        ;        ; 10.200 ;
; c_in       ; c[2]        ; 12.000 ;        ;        ; 12.000 ;
; c_in       ; c[3]        ;        ; 15.000 ; 15.000 ;        ;
; c_in       ; c[4]        ;        ; 15.000 ; 15.000 ;        ;
; c_in       ; c_out       ; 18.800 ;        ;        ; 18.800 ;
; c_in       ; q[0]        ; 10.200 ; 10.200 ; 10.200 ; 10.200 ;
; c_in       ; q[1]        ; 10.200 ; 12.000 ; 12.000 ; 10.200 ;
; c_in       ; q[2]        ; 17.000 ;        ;        ; 17.000 ;
; c_in       ; q[3]        ; 14.100 ;        ;        ; 14.100 ;
; c_in       ; q[4]        ;        ; 15.000 ; 15.000 ;        ;
; c_in       ; q[5]        ;        ; 18.800 ; 18.800 ;        ;
; n          ; c[0]        ; 10.200 ;        ;        ; 10.200 ;
; n          ; c[1]        ; 11.100 ;        ;        ; 11.100 ;
; n          ; c[2]        ; 12.000 ;        ;        ; 12.000 ;
; n          ; c[3]        ;        ; 11.100 ; 11.100 ;        ;
; n          ; c[4]        ;        ; 11.100 ; 11.100 ;        ;
; n          ; c_out       ; 18.800 ;        ;        ; 18.800 ;
; n          ; q[0]        ; 10.200 ; 10.200 ; 10.200 ; 10.200 ;
; n          ; q[1]        ; 12.000 ; 10.200 ; 10.200 ; 12.000 ;
; n          ; q[2]        ; 17.000 ;        ;        ; 17.000 ;
; n          ; q[3]        ; 11.100 ; 17.000 ; 17.000 ; 11.100 ;
; n          ; q[4]        ; 17.000 ; 17.000 ; 17.000 ; 17.000 ;
; n          ; q[5]        ; 17.000 ; 18.800 ; 18.800 ; 17.000 ;
; ns         ; c[0]        ; 10.200 ;        ;        ; 10.200 ;
; ns         ; c[1]        ; 11.100 ;        ;        ; 11.100 ;
; ns         ; c[2]        ; 12.000 ;        ;        ; 12.000 ;
; ns         ; c[3]        ;        ; 15.000 ; 15.000 ;        ;
; ns         ; c[4]        ;        ; 15.000 ; 15.000 ;        ;
; ns         ; c_out       ; 18.800 ;        ;        ; 18.800 ;
; ns         ; q[0]        ; 10.200 ;        ;        ; 10.200 ;
; ns         ; q[1]        ; 10.200 ; 12.000 ; 12.000 ; 10.200 ;
; ns         ; q[2]        ; 17.000 ;        ;        ; 17.000 ;
; ns         ; q[3]        ; 11.100 ; 17.000 ; 17.000 ; 11.100 ;
; ns         ; q[4]        ; 17.000 ; 17.000 ; 17.000 ; 17.000 ;
; ns         ; q[5]        ; 17.000 ; 18.800 ; 18.800 ; 17.000 ;
; nx         ; c[0]        ; 10.200 ;        ;        ; 10.200 ;
; nx         ; c[1]        ; 11.100 ;        ;        ; 11.100 ;
; nx         ; c[2]        ; 12.000 ;        ;        ; 12.000 ;
; nx         ; c[3]        ;        ; 11.100 ; 11.100 ;        ;
; nx         ; c[4]        ; 11.100 ;        ;        ; 11.100 ;
; nx         ; c_out       ; 18.800 ;        ;        ; 18.800 ;
; nx         ; q[0]        ; 10.200 ; 10.200 ; 10.200 ; 10.200 ;
; nx         ; q[1]        ; 10.200 ; 11.100 ; 11.100 ; 10.200 ;
; nx         ; q[2]        ; 17.000 ;        ;        ; 17.000 ;
; nx         ; q[3]        ; 11.100 ;        ;        ; 11.100 ;
; nx         ; q[4]        ;        ; 11.100 ; 11.100 ;        ;
; nx         ; q[5]        ;        ; 18.800 ; 18.800 ;        ;
+------------+-------------+--------+--------+--------+--------+


+--------------------------------------------------------------+
; Minimum Propagation Delay                                    ;
+------------+-------------+--------+--------+--------+--------+
; Input Port ; Output Port ; RR     ; RF     ; FR     ; FF     ;
+------------+-------------+--------+--------+--------+--------+
; a[0]       ; c[0]        ; 10.200 ;        ;        ; 10.200 ;
; a[0]       ; c[1]        ; 10.200 ;        ;        ; 10.200 ;
; a[0]       ; c[2]        ; 10.200 ;        ;        ; 10.200 ;
; a[0]       ; c[3]        ;        ; 10.200 ; 10.200 ;        ;
; a[0]       ; c[4]        ;        ; 10.200 ; 10.200 ;        ;
; a[0]       ; c_out       ; 17.000 ;        ;        ; 17.000 ;
; a[0]       ; q[0]        ; 10.200 ;        ;        ; 10.200 ;
; a[0]       ; q[1]        ; 10.200 ; 11.100 ; 11.100 ; 10.200 ;
; a[0]       ; q[2]        ; 17.000 ;        ;        ; 17.000 ;
; a[0]       ; q[3]        ; 10.200 ;        ;        ; 10.200 ;
; a[0]       ; q[4]        ;        ; 10.200 ; 10.200 ;        ;
; a[0]       ; q[5]        ;        ; 17.000 ; 17.000 ;        ;
; a[1]       ; c[1]        ; 10.200 ;        ;        ; 10.200 ;
; a[1]       ; c[2]        ; 10.200 ;        ;        ; 10.200 ;
; a[1]       ; c[3]        ;        ; 10.200 ; 10.200 ;        ;
; a[1]       ; c[4]        ;        ; 10.200 ; 10.200 ;        ;
; a[1]       ; c_out       ; 17.000 ;        ;        ; 17.000 ;
; a[1]       ; q[1]        ; 10.200 ;        ;        ; 10.200 ;
; a[1]       ; q[2]        ; 17.000 ;        ;        ; 17.000 ;
; a[1]       ; q[3]        ; 10.200 ;        ;        ; 10.200 ;
; a[1]       ; q[4]        ;        ; 10.200 ; 10.200 ;        ;
; a[1]       ; q[5]        ;        ; 17.000 ; 17.000 ;        ;
; a[2]       ; c[2]        ; 10.200 ;        ;        ; 10.200 ;
; a[2]       ; c[3]        ;        ; 10.200 ; 10.200 ;        ;
; a[2]       ; c[4]        ;        ; 11.100 ; 11.100 ;        ;
; a[2]       ; c_out       ; 17.000 ;        ;        ; 17.000 ;
; a[2]       ; q[2]        ; 10.200 ;        ;        ; 10.200 ;
; a[2]       ; q[3]        ; 10.200 ;        ;        ; 10.200 ;
; a[2]       ; q[4]        ;        ; 11.100 ; 11.100 ;        ;
; a[2]       ; q[5]        ;        ; 17.000 ; 17.000 ;        ;
; a[3]       ; c[3]        ;        ; 10.100 ; 10.100 ;        ;
; a[3]       ; c[4]        ;        ; 11.000 ; 11.000 ;        ;
; a[3]       ; c_out       ; 10.100 ;        ;        ; 10.100 ;
; a[3]       ; q[3]        ;        ; 14.000 ; 14.000 ;        ;
; a[3]       ; q[4]        ;        ; 10.100 ; 10.100 ;        ;
; a[3]       ; q[5]        ; 16.900 ; 14.000 ; 14.000 ; 16.900 ;
; a[4]       ; c[4]        ;        ; 10.100 ; 10.100 ;        ;
; a[4]       ; c_out       ; 10.100 ;        ;        ; 10.100 ;
; a[4]       ; q[4]        ; 16.900 ; 16.900 ; 16.900 ; 16.900 ;
; a[4]       ; q[5]        ; 16.900 ;        ;        ; 16.900 ;
; a[5]       ; c_out       ; 10.000 ;        ;        ; 10.000 ;
; a[5]       ; q[5]        ; 16.800 ; 16.800 ; 16.800 ; 16.800 ;
; b[0]       ; c[0]        ; 10.200 ;        ;        ; 10.200 ;
; b[0]       ; c[1]        ; 10.200 ;        ;        ; 10.200 ;
; b[0]       ; c[2]        ; 10.200 ;        ;        ; 10.200 ;
; b[0]       ; c[3]        ;        ; 10.200 ; 10.200 ;        ;
; b[0]       ; c[4]        ;        ; 10.200 ; 10.200 ;        ;
; b[0]       ; c_out       ; 17.000 ;        ;        ; 17.000 ;
; b[0]       ; q[0]        ; 10.200 ; 10.200 ; 10.200 ; 10.200 ;
; b[0]       ; q[1]        ; 10.200 ; 11.100 ; 11.100 ; 10.200 ;
; b[0]       ; q[2]        ; 17.000 ;        ;        ; 17.000 ;
; b[0]       ; q[3]        ; 10.200 ;        ;        ; 10.200 ;
; b[0]       ; q[4]        ;        ; 10.200 ; 10.200 ;        ;
; b[0]       ; q[5]        ;        ; 17.000 ; 17.000 ;        ;
; b[1]       ; c[1]        ; 10.200 ;        ;        ; 10.200 ;
; b[1]       ; c[2]        ; 10.200 ;        ;        ; 10.200 ;
; b[1]       ; c[3]        ;        ; 10.200 ; 10.200 ;        ;
; b[1]       ; c[4]        ;        ; 10.200 ; 10.200 ;        ;
; b[1]       ; c_out       ; 17.000 ;        ;        ; 17.000 ;
; b[1]       ; q[1]        ; 11.100 ; 10.200 ; 10.200 ; 11.100 ;
; b[1]       ; q[2]        ; 17.000 ;        ;        ; 17.000 ;
; b[1]       ; q[3]        ; 10.200 ;        ;        ; 10.200 ;
; b[1]       ; q[4]        ;        ; 10.200 ; 10.200 ;        ;
; b[1]       ; q[5]        ;        ; 17.000 ; 17.000 ;        ;
; b[2]       ; c[2]        ; 10.200 ;        ;        ; 10.200 ;
; b[2]       ; c[3]        ;        ; 10.200 ; 10.200 ;        ;
; b[2]       ; c[4]        ;        ; 11.100 ; 11.100 ;        ;
; b[2]       ; c_out       ; 17.000 ;        ;        ; 17.000 ;
; b[2]       ; q[2]        ; 10.200 ;        ;        ; 10.200 ;
; b[2]       ; q[3]        ; 11.100 ;        ;        ; 11.100 ;
; b[2]       ; q[4]        ;        ; 11.100 ; 11.100 ;        ;
; b[2]       ; q[5]        ;        ; 17.000 ; 17.000 ;        ;
; b[3]       ; c[3]        ;        ; 10.100 ; 10.100 ;        ;
; b[3]       ; c[4]        ;        ; 11.000 ; 11.000 ;        ;
; b[3]       ; c_out       ; 10.100 ;        ;        ; 10.100 ;
; b[3]       ; q[3]        ;        ; 14.000 ; 14.000 ;        ;
; b[3]       ; q[4]        ;        ; 10.100 ; 10.100 ;        ;
; b[3]       ; q[5]        ; 16.900 ; 14.000 ; 14.000 ; 16.900 ;
; b[4]       ; c[4]        ;        ; 10.100 ; 10.100 ;        ;
; b[4]       ; c_out       ; 10.100 ;        ;        ; 10.100 ;
; b[4]       ; q[4]        ; 16.900 ; 16.900 ; 16.900 ; 16.900 ;
; b[4]       ; q[5]        ; 16.900 ;        ;        ; 16.900 ;
; b[5]       ; c_out       ; 10.000 ;        ;        ; 10.000 ;
; b[5]       ; q[5]        ; 16.800 ; 16.800 ; 16.800 ; 16.800 ;
; c_in       ; c[0]        ; 10.200 ;        ;        ; 10.200 ;
; c_in       ; c[1]        ; 10.200 ;        ;        ; 10.200 ;
; c_in       ; c[2]        ; 11.100 ;        ;        ; 11.100 ;
; c_in       ; c[3]        ;        ; 10.200 ; 10.200 ;        ;
; c_in       ; c[4]        ;        ; 10.200 ; 10.200 ;        ;
; c_in       ; c_out       ; 17.900 ;        ;        ; 17.900 ;
; c_in       ; q[0]        ; 10.200 ; 10.200 ; 10.200 ; 10.200 ;
; c_in       ; q[1]        ; 10.200 ; 11.100 ; 11.100 ; 10.200 ;
; c_in       ; q[2]        ; 17.000 ;        ;        ; 17.000 ;
; c_in       ; q[3]        ; 10.200 ;        ;        ; 10.200 ;
; c_in       ; q[4]        ;        ; 10.200 ; 10.200 ;        ;
; c_in       ; q[5]        ;        ; 17.900 ; 17.900 ;        ;
; n          ; c[0]        ; 10.200 ;        ;        ; 10.200 ;
; n          ; c[1]        ; 10.200 ;        ;        ; 10.200 ;
; n          ; c[2]        ; 10.200 ;        ;        ; 10.200 ;
; n          ; c[3]        ;        ; 11.100 ; 11.100 ;        ;
; n          ; c[4]        ;        ; 11.100 ; 11.100 ;        ;
; n          ; c_out       ; 10.200 ;        ;        ; 10.200 ;
; n          ; q[0]        ; 10.200 ; 10.200 ; 10.200 ; 10.200 ;
; n          ; q[1]        ; 10.200 ; 10.200 ; 10.200 ; 10.200 ;
; n          ; q[2]        ; 10.200 ;        ;        ; 10.200 ;
; n          ; q[3]        ; 10.200 ; 14.100 ; 14.100 ; 10.200 ;
; n          ; q[4]        ; 17.000 ; 11.100 ; 11.100 ; 17.000 ;
; n          ; q[5]        ; 17.000 ; 14.100 ; 14.100 ; 17.000 ;
; ns         ; c[0]        ; 10.200 ;        ;        ; 10.200 ;
; ns         ; c[1]        ; 10.200 ;        ;        ; 10.200 ;
; ns         ; c[2]        ; 10.200 ;        ;        ; 10.200 ;
; ns         ; c[3]        ;        ; 11.100 ; 11.100 ;        ;
; ns         ; c[4]        ;        ; 11.100 ; 11.100 ;        ;
; ns         ; c_out       ; 10.200 ;        ;        ; 10.200 ;
; ns         ; q[0]        ; 10.200 ;        ;        ; 10.200 ;
; ns         ; q[1]        ; 10.200 ; 11.100 ; 11.100 ; 10.200 ;
; ns         ; q[2]        ; 10.200 ;        ;        ; 10.200 ;
; ns         ; q[3]        ; 10.200 ; 14.100 ; 14.100 ; 10.200 ;
; ns         ; q[4]        ; 17.000 ; 11.100 ; 11.100 ; 17.000 ;
; ns         ; q[5]        ; 17.000 ; 14.100 ; 14.100 ; 17.000 ;
; nx         ; c[0]        ; 10.200 ;        ;        ; 10.200 ;
; nx         ; c[1]        ; 10.200 ;        ;        ; 10.200 ;
; nx         ; c[2]        ; 10.200 ;        ;        ; 10.200 ;
; nx         ; c[3]        ;        ; 11.100 ; 11.100 ;        ;
; nx         ; c[4]        ; 10.200 ;        ;        ; 10.200 ;
; nx         ; c_out       ; 10.200 ;        ;        ; 10.200 ;
; nx         ; q[0]        ; 10.200 ; 10.200 ; 10.200 ; 10.200 ;
; nx         ; q[1]        ; 10.200 ; 11.100 ; 11.100 ; 10.200 ;
; nx         ; q[2]        ; 17.000 ;        ;        ; 17.000 ;
; nx         ; q[3]        ; 10.200 ;        ;        ; 10.200 ;
; nx         ; q[4]        ;        ; 11.100 ; 11.100 ;        ;
; nx         ; q[5]        ;        ; 10.200 ; 10.200 ;        ;
+------------+-------------+--------+--------+--------+--------+


-------------------
; Clock Transfers ;
-------------------
Nothing to report.


---------------
; Report TCCS ;
---------------
No dedicated SERDES Transmitter circuitry present in device or used in design


---------------
; Report RSKM ;
---------------
No dedicated SERDES Receiver circuitry present in device or used in design


+------------------------------------------------+
; Unconstrained Paths                            ;
+---------------------------------+-------+------+
; Property                        ; Setup ; Hold ;
+---------------------------------+-------+------+
; Illegal Clocks                  ; 0     ; 0    ;
; Unconstrained Clocks            ; 0     ; 0    ;
; Unconstrained Input Ports       ; 14    ; 16   ;
; Unconstrained Input Port Paths  ; 57    ; 132  ;
; Unconstrained Output Ports      ; 12    ; 12   ;
; Unconstrained Output Port Paths ; 57    ; 132  ;
+---------------------------------+-------+------+


+------------------------------------+
; TimeQuest Timing Analyzer Messages ;
+------------------------------------+
Info: *******************************************************************
Info: Running Quartus II 32-bit TimeQuest Timing Analyzer
    Info: Version 13.0.0 Build 156 04/24/2013 SJ Web Edition
    Info: Processing started: Thu Jun 21 10:21:06 2018
Info: Command: quartus_sta alu6 -c alu6
Info: qsta_default_script.tcl version: #1
Warning (20028): Parallel compilation is not licensed and has been disabled
Info (306004): Started post-fitting delay annotation
Info (306005): Delay annotation completed successfully
Warning (335095): TimeQuest Timing Analyzer does not support the analysis of latches as synchronous elements for the currently selected device family.
Info (332104): Reading SDC File: 'alu6.out.sdc'
Info (332142): No user constrained base clocks found in the design. Calling "derive_clocks -period 1.0"
Info (332096): The command derive_clocks did not find any clocks to derive.  No clocks were created or changed.
Warning (332068): No clocks defined in design.
Info: Found TIMEQUEST_REPORT_SCRIPT_INCLUDE_DEFAULT_ANALYSIS = ON
Info (332159): No clocks to report
Info (332140): No fmax paths to report
Info (332146): Worst-case setup slack is 11.200
    Info (332119):     Slack End Point TNS Clock 
    Info (332119): ========= ============= =====================
    Info (332119):    11.200         0.000 n/a 
Info (332140): No Hold paths to report
Info (332140): No Recovery paths to report
Info (332140): No Removal paths to report
Info (332140): No Minimum Pulse Width paths to report
Info (332001): The selected device family is not supported by the report_metastability command.
Info (332102): Design is not fully constrained for setup requirements
Info (332102): Design is not fully constrained for hold requirements
Info: Quartus II 32-bit TimeQuest Timing Analyzer was successful. 0 errors, 3 warnings
    Info: Peak virtual memory: 290 megabytes
    Info: Processing ended: Thu Jun 21 10:21:08 2018
    Info: Elapsed time: 00:00:02
    Info: Total CPU time (on all processors): 00:00:02


