Analysis & Synthesis report for regfile8x6
Wed Jun 20 19:50:40 2018
Quartus Prime Version 15.1.0 Build 185 10/21/2015 SJ Lite Edition


---------------------
; Table of Contents ;
---------------------
  1. Legal Notice
  2. Analysis & Synthesis Summary
  3. Analysis & Synthesis Settings
  4. Parallel Compilation
  5. Analysis & Synthesis Source Files Read
  6. Analysis & Synthesis Resource Usage Summary
  7. Analysis & Synthesis Resource Utilization by Entity
  8. General Register Statistics
  9. Multiplexer Restructuring Statistics (No Restructuring Performed)
 10. Parameter Settings for User Entity Instance: select_or_force:inst3
 11. Parameter Settings for User Entity Instance: BUSMUX:inst5
 12. Parameter Settings for User Entity Instance: select_or_force:inst4
 13. Analysis & Synthesis Messages



----------------
; Legal Notice ;
----------------
Copyright (C) 1991-2015 Altera Corporation. All rights reserved.
Your use of Altera Corporation's design tools, logic functions 
and other software and tools, and its AMPP partner logic 
functions, and any output files from any of the foregoing 
(including device programming or simulation files), and any 
associated documentation or information are expressly subject 
to the terms and conditions of the Altera Program License 
Subscription Agreement, the Altera Quartus Prime License Agreement,
the Altera MegaCore Function License Agreement, or other 
applicable license agreement, including, without limitation, 
that your use is for the sole purpose of programming logic 
devices manufactured by Altera and sold by Altera or its 
authorized distributors.  Please refer to the applicable 
agreement for further details.



+---------------------------------------------------------------------------+
; Analysis & Synthesis Summary                                              ;
+-----------------------------+---------------------------------------------+
; Analysis & Synthesis Status ; Successful - Wed Jun 20 19:50:40 2018       ;
; Quartus Prime Version       ; 15.1.0 Build 185 10/21/2015 SJ Lite Edition ;
; Revision Name               ; regfile8x6                                  ;
; Top-level Entity Name       ; c61registerset                              ;
; Family                      ; MAX II                                      ;
; Total logic elements        ; 248                                         ;
; Total pins                  ; 66                                          ;
; Total virtual pins          ; 0                                           ;
; UFM blocks                  ; 0 / 1 ( 0 % )                               ;
+-----------------------------+---------------------------------------------+


+----------------------------------------------------------------------------------------------------------------------+
; Analysis & Synthesis Settings                                                                                        ;
+----------------------------------------------------------------------------+--------------------+--------------------+
; Option                                                                     ; Setting            ; Default Value      ;
+----------------------------------------------------------------------------+--------------------+--------------------+
; Device                                                                     ; EPM240T100C5       ;                    ;
; Top-level entity name                                                      ; c61registerset     ; regfile8x6         ;
; Family name                                                                ; MAX II             ; Cyclone V          ;
; Restructure Multiplexers                                                   ; Off                ; Auto               ;
; Use smart compilation                                                      ; Off                ; Off                ;
; Enable parallel Assembler and TimeQuest Timing Analyzer during compilation ; On                 ; On                 ;
; Enable compact report table                                                ; Off                ; Off                ;
; Create Debugging Nodes for IP Cores                                        ; Off                ; Off                ;
; Preserve fewer node names                                                  ; On                 ; On                 ;
; Disable OpenCore Plus hardware evaluation                                  ; Off                ; Off                ;
; Verilog Version                                                            ; Verilog_2001       ; Verilog_2001       ;
; VHDL Version                                                               ; VHDL_1993          ; VHDL_1993          ;
; State Machine Processing                                                   ; Auto               ; Auto               ;
; Safe State Machine                                                         ; Off                ; Off                ;
; Extract Verilog State Machines                                             ; On                 ; On                 ;
; Extract VHDL State Machines                                                ; On                 ; On                 ;
; Ignore Verilog initial constructs                                          ; Off                ; Off                ;
; Iteration limit for constant Verilog loops                                 ; 5000               ; 5000               ;
; Iteration limit for non-constant Verilog loops                             ; 250                ; 250                ;
; Add Pass-Through Logic to Inferred RAMs                                    ; On                 ; On                 ;
; Infer RAMs from Raw Logic                                                  ; On                 ; On                 ;
; Parallel Synthesis                                                         ; On                 ; On                 ;
; NOT Gate Push-Back                                                         ; On                 ; On                 ;
; Power-Up Don't Care                                                        ; On                 ; On                 ;
; Remove Redundant Logic Cells                                               ; Off                ; Off                ;
; Remove Duplicate Registers                                                 ; On                 ; On                 ;
; Ignore CARRY Buffers                                                       ; Off                ; Off                ;
; Ignore CASCADE Buffers                                                     ; Off                ; Off                ;
; Ignore GLOBAL Buffers                                                      ; Off                ; Off                ;
; Ignore ROW GLOBAL Buffers                                                  ; Off                ; Off                ;
; Ignore LCELL Buffers                                                       ; Off                ; Off                ;
; Ignore SOFT Buffers                                                        ; On                 ; On                 ;
; Limit AHDL Integers to 32 Bits                                             ; Off                ; Off                ;
; Optimization Technique                                                     ; Balanced           ; Balanced           ;
; Carry Chain Length                                                         ; 70                 ; 70                 ;
; Auto Carry Chains                                                          ; On                 ; On                 ;
; Auto Open-Drain Pins                                                       ; On                 ; On                 ;
; Perform WYSIWYG Primitive Resynthesis                                      ; Off                ; Off                ;
; Auto Shift Register Replacement                                            ; Auto               ; Auto               ;
; Allow Shift Register Merging across Hierarchies                            ; Auto               ; Auto               ;
; Auto Clock Enable Replacement                                              ; On                 ; On                 ;
; Allow Synchronous Control Signals                                          ; On                 ; On                 ;
; Force Use of Synchronous Clear Signals                                     ; Off                ; Off                ;
; Auto Resource Sharing                                                      ; Off                ; Off                ;
; Use LogicLock Constraints during Resource Balancing                        ; On                 ; On                 ;
; Ignore translate_off and synthesis_off directives                          ; Off                ; Off                ;
; Report Parameter Settings                                                  ; On                 ; On                 ;
; Report Source Assignments                                                  ; On                 ; On                 ;
; Report Connectivity Checks                                                 ; On                 ; On                 ;
; Ignore Maximum Fan-Out Assignments                                         ; Off                ; Off                ;
; Synchronization Register Chain Length                                      ; 2                  ; 2                  ;
; PowerPlay Power Optimization During Synthesis                              ; Normal compilation ; Normal compilation ;
; HDL message level                                                          ; Level2             ; Level2             ;
; Suppress Register Optimization Related Messages                            ; Off                ; Off                ;
; Number of Removed Registers Reported in Synthesis Report                   ; 5000               ; 5000               ;
; Number of Swept Nodes Reported in Synthesis Report                         ; 5000               ; 5000               ;
; Number of Inverted Registers Reported in Synthesis Report                  ; 100                ; 100                ;
; Clock MUX Protection                                                       ; On                 ; On                 ;
; Block Design Naming                                                        ; Auto               ; Auto               ;
; Synthesis Effort                                                           ; Auto               ; Auto               ;
; Shift Register Replacement - Allow Asynchronous Clear Signal               ; On                 ; On                 ;
; Analysis & Synthesis Message Level                                         ; Medium             ; Medium             ;
; Disable Register Merging Across Hierarchies                                ; Auto               ; Auto               ;
; Synthesis Seed                                                             ; 1                  ; 1                  ;
+----------------------------------------------------------------------------+--------------------+--------------------+


Parallel compilation was disabled, but you have multiple processors available. Enable parallel compilation to reduce compilation time.
+-------------------------------------+
; Parallel Compilation                ;
+----------------------------+--------+
; Processors                 ; Number ;
+----------------------------+--------+
; Number detected on machine ; 5      ;
; Maximum allowed            ; 1      ;
+----------------------------+--------+


+----------------------------------------------------------------------------------------------------------------------------------------------------------------------------+
; Analysis & Synthesis Source Files Read                                                                                                                                     ;
+----------------------------------+-----------------+------------------------------------+------------------------------------------------------------------------+---------+
; File Name with User-Entered Path ; Used in Netlist ; File Type                          ; File Name with Absolute Path                                           ; Library ;
+----------------------------------+-----------------+------------------------------------+------------------------------------------------------------------------+---------+
; regfile.v                        ; yes             ; User Verilog HDL File              ; C:/HDD/designs/cpucomponents/regfile8x6/regfile.v                      ;         ;
; c61registerset.bdf               ; yes             ; User Block Diagram/Schematic File  ; C:/HDD/designs/cpucomponents/regfile8x6/c61registerset.bdf             ;         ;
; plus1.v                          ; yes             ; User Verilog HDL File              ; C:/HDD/designs/cpucomponents/regfile8x6/plus1.v                        ;         ;
; select_or_force.v                ; yes             ; User Verilog HDL File              ; C:/HDD/designs/cpucomponents/regfile8x6/select_or_force.v              ;         ;
; busmux.tdf                       ; yes             ; Megafunction                       ; c:/hdd/altera_lite/15.1/quartus/libraries/megafunctions/busmux.tdf     ;         ;
; lpm_mux.inc                      ; yes             ; Megafunction                       ; c:/hdd/altera_lite/15.1/quartus/libraries/megafunctions/lpm_mux.inc    ;         ;
; lpm_mux.tdf                      ; yes             ; Megafunction                       ; c:/hdd/altera_lite/15.1/quartus/libraries/megafunctions/lpm_mux.tdf    ;         ;
; aglobal151.inc                   ; yes             ; Megafunction                       ; c:/hdd/altera_lite/15.1/quartus/libraries/megafunctions/aglobal151.inc ;         ;
; muxlut.inc                       ; yes             ; Megafunction                       ; c:/hdd/altera_lite/15.1/quartus/libraries/megafunctions/muxlut.inc     ;         ;
; bypassff.inc                     ; yes             ; Megafunction                       ; c:/hdd/altera_lite/15.1/quartus/libraries/megafunctions/bypassff.inc   ;         ;
; altshift.inc                     ; yes             ; Megafunction                       ; c:/hdd/altera_lite/15.1/quartus/libraries/megafunctions/altshift.inc   ;         ;
; db/mux_j9c.tdf                   ; yes             ; Auto-Generated Megafunction        ; C:/HDD/designs/cpucomponents/regfile8x6/db/mux_j9c.tdf                 ;         ;
+----------------------------------+-----------------+------------------------------------+------------------------------------------------------------------------+---------+


+-----------------------------------------------------+
; Analysis & Synthesis Resource Usage Summary         ;
+---------------------------------------------+-------+
; Resource                                    ; Usage ;
+---------------------------------------------+-------+
; Total logic elements                        ; 248   ;
;     -- Combinational with no register       ; 152   ;
;     -- Register only                        ; 96    ;
;     -- Combinational with a register        ; 0     ;
;                                             ;       ;
; Logic element usage by number of LUT inputs ;       ;
;     -- 4 input functions                    ; 128   ;
;     -- 3 input functions                    ; 19    ;
;     -- 2 input functions                    ; 5     ;
;     -- 1 input functions                    ; 0     ;
;     -- 0 input functions                    ; 0     ;
;                                             ;       ;
; Logic elements by mode                      ;       ;
;     -- normal mode                          ; 248   ;
;     -- arithmetic mode                      ; 0     ;
;     -- qfbk mode                            ; 0     ;
;     -- register cascade mode                ; 0     ;
;     -- synchronous clear/load mode          ; 0     ;
;     -- asynchronous clear/load mode         ; 0     ;
;                                             ;       ;
; Total registers                             ; 96    ;
; I/O pins                                    ; 66    ;
; Maximum fan-out node                        ; clk   ;
; Maximum fan-out                             ; 96    ;
; Total fan-out                               ; 897   ;
; Average fan-out                             ; 2.86  ;
+---------------------------------------------+-------+


+----------------------------------------------------------------------------------------------------------------------------------------------------------------------------------------------------------------------------------------------------------------------------+
; Analysis & Synthesis Resource Utilization by Entity                                                                                                                                                                                                                        ;
+-----------------------------------+-------------+--------------+------------+------+--------------+--------------+-------------------+------------------+-----------------+------------+--------------------------------------------------------------------+--------------+
; Compilation Hierarchy Node        ; Logic Cells ; LC Registers ; UFM Blocks ; Pins ; Virtual Pins ; LUT-Only LCs ; Register-Only LCs ; LUT/Register LCs ; Carry Chain LCs ; Packed LCs ; Full Hierarchy Name                                                ; Library Name ;
+-----------------------------------+-------------+--------------+------------+------+--------------+--------------+-------------------+------------------+-----------------+------------+--------------------------------------------------------------------+--------------+
; |c61registerset                   ; 248 (0)     ; 96           ; 0          ; 66   ; 0            ; 152 (0)      ; 96 (0)            ; 0 (0)            ; 0 (0)           ; 0 (0)      ; |c61registerset                                                    ; work         ;
;    |busmux:inst5|                 ; 6 (0)       ; 0            ; 0          ; 0    ; 0            ; 6 (0)        ; 0 (0)             ; 0 (0)            ; 0 (0)           ; 0 (0)      ; |c61registerset|busmux:inst5                                       ; work         ;
;       |lpm_mux:$00000|            ; 6 (0)       ; 0            ; 0          ; 0    ; 0            ; 6 (0)        ; 0 (0)             ; 0 (0)            ; 0 (0)           ; 0 (0)      ; |c61registerset|busmux:inst5|lpm_mux:$00000                        ; work         ;
;          |mux_j9c:auto_generated| ; 6 (6)       ; 0            ; 0          ; 0    ; 0            ; 6 (6)        ; 0 (0)             ; 0 (0)            ; 0 (0)           ; 0 (0)      ; |c61registerset|busmux:inst5|lpm_mux:$00000|mux_j9c:auto_generated ; work         ;
;    |plus1:inst|                   ; 6 (6)       ; 0            ; 0          ; 0    ; 0            ; 6 (6)        ; 0 (0)             ; 0 (0)            ; 0 (0)           ; 0 (0)      ; |c61registerset|plus1:inst                                         ; work         ;
;    |regfile:regs_0|               ; 116 (116)   ; 48           ; 0          ; 0    ; 0            ; 68 (68)      ; 48 (48)           ; 0 (0)            ; 0 (0)           ; 0 (0)      ; |c61registerset|regfile:regs_0                                     ; work         ;
;    |regfile:regs_1|               ; 116 (116)   ; 48           ; 0          ; 0    ; 0            ; 68 (68)      ; 48 (48)           ; 0 (0)            ; 0 (0)           ; 0 (0)      ; |c61registerset|regfile:regs_1                                     ; work         ;
;    |select_or_force:inst3|        ; 2 (2)       ; 0            ; 0          ; 0    ; 0            ; 2 (2)        ; 0 (0)             ; 0 (0)            ; 0 (0)           ; 0 (0)      ; |c61registerset|select_or_force:inst3                              ; work         ;
;    |select_or_force:inst4|        ; 2 (2)       ; 0            ; 0          ; 0    ; 0            ; 2 (2)        ; 0 (0)             ; 0 (0)            ; 0 (0)           ; 0 (0)      ; |c61registerset|select_or_force:inst4                              ; work         ;
+-----------------------------------+-------------+--------------+------------+------+--------------+--------------+-------------------+------------------+-----------------+------------+--------------------------------------------------------------------+--------------+
Note: For table entries with two numbers listed, the numbers in parentheses indicate the number of resources of the given type used by the specific entity alone. The numbers listed outside of parentheses indicate the total resources of the given type used by the specific entity and all of its sub-entities in the hierarchy.


+------------------------------------------------------+
; General Register Statistics                          ;
+----------------------------------------------+-------+
; Statistic                                    ; Value ;
+----------------------------------------------+-------+
; Total registers                              ; 96    ;
; Number of registers using Synchronous Clear  ; 0     ;
; Number of registers using Synchronous Load   ; 0     ;
; Number of registers using Asynchronous Clear ; 0     ;
; Number of registers using Asynchronous Load  ; 0     ;
; Number of registers using Clock Enable       ; 96    ;
; Number of registers using Preset             ; 0     ;
+----------------------------------------------+-------+


+----------------------------------------------------------------------------------------------------------------------------------------------------+
; Multiplexer Restructuring Statistics (No Restructuring Performed)                                                                                  ;
+--------------------+-----------+---------------+----------------------+------------------------+------------+--------------------------------------+
; Multiplexer Inputs ; Bus Width ; Baseline Area ; Area if Restructured ; Saving if Restructured ; Registered ; Example Multiplexer Output           ;
+--------------------+-----------+---------------+----------------------+------------------------+------------+--------------------------------------+
; 8:1                ; 6 bits    ; 30 LEs        ; 30 LEs               ; 0 LEs                  ; No         ; |c61registerset|regfile:regs_0|ra[4] ;
; 8:1                ; 6 bits    ; 30 LEs        ; 30 LEs               ; 0 LEs                  ; No         ; |c61registerset|regfile:regs_1|ra[5] ;
; 8:1                ; 6 bits    ; 30 LEs        ; 30 LEs               ; 0 LEs                  ; No         ; |c61registerset|regfile:regs_0|rb[0] ;
; 8:1                ; 6 bits    ; 30 LEs        ; 30 LEs               ; 0 LEs                  ; No         ; |c61registerset|regfile:regs_1|rb[2] ;
+--------------------+-----------+---------------+----------------------+------------------------+------------+--------------------------------------+


+--------------------------------------------------------------------+
; Parameter Settings for User Entity Instance: select_or_force:inst3 ;
+----------------+-------+-------------------------------------------+
; Parameter Name ; Value ; Type                                      ;
+----------------+-------+-------------------------------------------+
; force_to_val   ; 111   ; Unsigned Binary                           ;
; force_when_s   ; 0     ; Unsigned Binary                           ;
+----------------+-------+-------------------------------------------+
Note: In order to hide this table in the UI and the text report file, please set the "Show Parameter Settings in Synthesis Report" option in "Analysis and Synthesis Settings -> More Settings" to "Off".


+-----------------------------------------------------------+
; Parameter Settings for User Entity Instance: BUSMUX:inst5 ;
+----------------+-------+----------------------------------+
; Parameter Name ; Value ; Type                             ;
+----------------+-------+----------------------------------+
; WIDTH          ; 6     ; Untyped                          ;
+----------------+-------+----------------------------------+
Note: In order to hide this table in the UI and the text report file, please set the "Show Parameter Settings in Synthesis Report" option in "Analysis and Synthesis Settings -> More Settings" to "Off".


+--------------------------------------------------------------------+
; Parameter Settings for User Entity Instance: select_or_force:inst4 ;
+----------------+-------+-------------------------------------------+
; Parameter Name ; Value ; Type                                      ;
+----------------+-------+-------------------------------------------+
; force_to_val   ; 000   ; Unsigned Binary                           ;
; force_when_s   ; 0     ; Unsigned Binary                           ;
+----------------+-------+-------------------------------------------+
Note: In order to hide this table in the UI and the text report file, please set the "Show Parameter Settings in Synthesis Report" option in "Analysis and Synthesis Settings -> More Settings" to "Off".


+-------------------------------+
; Analysis & Synthesis Messages ;
+-------------------------------+
Info: *******************************************************************
Info: Running Quartus Prime Analysis & Synthesis
    Info: Version 15.1.0 Build 185 10/21/2015 SJ Lite Edition
    Info: Processing started: Wed Jun 20 19:50:00 2018
Info: Command: quartus_map --read_settings_files=on --write_settings_files=off regfile8x6 -c regfile8x6
Info (16303): Aggressive Performance optimization mode selected -- timing performance will be prioritized at the potential cost of increased logic area and compilation time
Warning (20028): Parallel compilation is not licensed and has been disabled
Info (12021): Found 1 design units, including 1 entities, in source file regfile.v
    Info (12023): Found entity 1: regfile File: C:/HDD/designs/cpucomponents/regfile8x6/regfile.v Line: 1
Info (12021): Found 1 design units, including 1 entities, in source file c61registerset.bdf
    Info (12023): Found entity 1: c61registerset
Info (12021): Found 1 design units, including 1 entities, in source file plus1.v
    Info (12023): Found entity 1: plus1 File: C:/HDD/designs/cpucomponents/regfile8x6/plus1.v Line: 1
Info (12021): Found 1 design units, including 1 entities, in source file select_or_force.v
    Info (12023): Found entity 1: select_or_force File: C:/HDD/designs/cpucomponents/regfile8x6/select_or_force.v Line: 1
Info (12127): Elaborating entity "c61registerset" for the top level hierarchy
Info (12128): Elaborating entity "regfile" for hierarchy "regfile:regs_0"
Info (12128): Elaborating entity "select_or_force" for hierarchy "select_or_force:inst3"
Info (12128): Elaborating entity "BUSMUX" for hierarchy "BUSMUX:inst5"
Info (12130): Elaborated megafunction instantiation "BUSMUX:inst5"
Info (12133): Instantiated megafunction "BUSMUX:inst5" with the following parameter:
    Info (12134): Parameter "WIDTH" = "6"
Info (12128): Elaborating entity "lpm_mux" for hierarchy "BUSMUX:inst5|lpm_mux:$00000" File: c:/hdd/altera_lite/15.1/quartus/libraries/megafunctions/busmux.tdf Line: 44
Info (12131): Elaborated megafunction instantiation "BUSMUX:inst5|lpm_mux:$00000", which is child of megafunction instantiation "BUSMUX:inst5" File: c:/hdd/altera_lite/15.1/quartus/libraries/megafunctions/busmux.tdf Line: 44
Info (12021): Found 1 design units, including 1 entities, in source file db/mux_j9c.tdf
    Info (12023): Found entity 1: mux_j9c File: C:/HDD/designs/cpucomponents/regfile8x6/db/mux_j9c.tdf Line: 23
Info (12128): Elaborating entity "mux_j9c" for hierarchy "BUSMUX:inst5|lpm_mux:$00000|mux_j9c:auto_generated" File: c:/hdd/altera_lite/15.1/quartus/libraries/megafunctions/lpm_mux.tdf Line: 87
Info (12128): Elaborating entity "plus1" for hierarchy "plus1:inst"
Info (12128): Elaborating entity "select_or_force" for hierarchy "select_or_force:inst4"
Info (21057): Implemented 314 device resources after synthesis - the final resource count might be different
    Info (21058): Implemented 36 input pins
    Info (21059): Implemented 30 output pins
    Info (21061): Implemented 248 logic cells
Info: Quartus Prime Analysis & Synthesis was successful. 0 errors, 1 warning
    Info: Peak virtual memory: 760 megabytes
    Info: Processing ended: Wed Jun 20 19:50:41 2018
    Info: Elapsed time: 00:00:41
    Info: Total CPU time (on all processors): 00:01:08


